// Jest Snapshot v1, https://goo.gl/fbAQLP

exports[`component graph-schema can be rendered 1`] = `
<div
  className="graph-schema"
>
  <svg
    onMouseDown={[Function]}
    onMouseMove={[Function]}
    onMouseUp={[Function]}
    onWheel={[Function]}
  >
    <g
      transform="scale(1.5) translate(150, -30)"
    >
      <defs>
        <div
          id="graph-schema-arrow"
        />
      </defs>
      <g
        className="graph-schema-class-links"
      >
        <div>
          <div
            id="1"
            markerId="graph-schema-arrow"
            x0={0}
            x1={0}
            x2={0}
            y0={0}
            y1={0}
            y2={0}
          />
          <div
            classLink={
              Immutable.Map {
                "targetIndex": "4",
                "length": 2,
                "name": "has-a",
                "globalIndex": "1",
                "target": "Mac",
                "sourceIndex": "3",
                "x": 0,
                "y": 0,
                "source": "Person",
              }
            }
            id="1"
          />
        </div>
        <div>
          <div
            id="2"
            markerId="graph-schema-arrow"
            x0={0}
            x1={1}
            x2={0}
            y0={0}
            y1={1}
            y2={0}
          />
          <div
            classLink={
              Immutable.Map {
                "targetIndex": "5",
                "length": 2,
                "name": "is-a",
                "globalIndex": "2",
                "target": "Engineer",
                "sourceIndex": "4",
                "x": 1,
                "y": 1,
                "source": "Person",
              }
            }
            id="2"
          />
        </div>
      </g>
      <g
        className="graph-schema-classes"
      >
        <div
          cls={
            Immutable.Map {
              "name": "Person",
              "globalIndex": "3",
              "props": Immutable.Map {},
              "x": 0,
              "y": 0,
              "length": 2,
              "outerRadius": 75,
            }
          }
        />
        <div
          cls={
            Immutable.Map {
              "name": "Mac",
              "globalIndex": "4",
              "props": Immutable.Map {},
              "x": 0,
              "y": 0,
              "length": 2,
              "outerRadius": 75,
            }
          }
        />
        <div
          cls={
            Immutable.Map {
              "name": "Engineer",
              "globalIndex": "5",
              "props": Immutable.Map {},
              "x": 0,
              "y": 0,
              "length": 2,
              "outerRadius": 75,
            }
          }
        />
      </g>
    </g>
  </svg>
</div>
`;
