// Jest Snapshot v1, https://goo.gl/fbAQLP

exports[`component graph-schema-class-prop-name can be rendered 1`] = `
<g
  className="graph-schema-class-prop-name"
  clipPath="M0,1"
  transform="rotate(180)"
>
  <path
    d="M2,3"
    id="graph-schema-class-prop-name-path-1"
  />
  <text
    dx={314.1592653589793}
    dy={8}
    onMouseOut={[Function]}
    onMouseOver={[Function]}
    textAnchor="middle"
    visibility={true}
  >
    <textPath
      xlinkHref="#graph-schema-class-prop-name-path-1"
    >
      name
    </textPath>
  </text>
</g>
`;
